[   55822ms] [WARNING] ⚠️ React Router Future Flag Warning: React Router will begin wrapping state updates in `React.startTransition` in v7. You can use the `v7_startTransition` future flag to opt-in early. For more information, see https://reactrouter.com/v6/upgrading/future#v7_starttransition. @ http://localhost:5173/node_modules/.vite/deps/react-router-dom.js?v=a20d267c:4435
[   55822ms] [WARNING] ⚠️ React Router Future Flag Warning: Relative route resolution within Splat routes is changing in v7. You can use the `v7_relativeSplatPath` future flag to opt-in early. For more information, see https://reactrouter.com/v6/upgrading/future#v7_relativesplatpath. @ http://localhost:5173/node_modules/.vite/deps/react-router-dom.js?v=a20d267c:4435
[  107943ms] [ERROR] Failed to load resource: the server responded with a status of 422 (Unprocessable Content) @ http://localhost:8000/api/v1/auth/login:0
[  108897ms] Error: Objects are not valid as a React child (found: object with keys {type, loc, msg, input}). If you meant to render a collection of children, use an array instead.
    at throwOnInvalidObjectType (http://localhost:5173/node_modules/.vite/deps/chunk-XQLYTHWV.js?v=a20d267c:9934:17)
    at createChild (http://localhost:5173/node_modules/.vite/deps/chunk-XQLYTHWV.js?v=a20d267c:10110:15)
    at reconcileChildrenArray (http://localhost:5173/node_modules/.vite/deps/chunk-XQLYTHWV.js?v=a20d267c:10282:33)
    at reconcileChildFibers2 (http://localhost:5173/node_modules/.vite/deps/chunk-XQLYTHWV.js?v=a20d267c:10559:24)
    at reconcileChildren (http://localhost:5173/node_modules/.vite/deps/chunk-XQLYTHWV.js?v=a20d267c:14290:37)
    at updateHostComponent (http://localhost:5173/node_modules/.vite/deps/chunk-XQLYTHWV.js?v=a20d267c:14807:11)
    at beginWork (http://localhost:5173/node_modules/.vite/deps/chunk-XQLYTHWV.js?v=a20d267c:15935:22)
    at HTMLUnknownElement.callCallback2 (http://localhost:5173/node_modules/.vite/deps/chunk-XQLYTHWV.js?v=a20d267c:3674:22)
    at Object.invokeGuardedCallbackDev (http://localhost:5173/node_modules/.vite/deps/chunk-XQLYTHWV.js?v=a20d267c:3699:24)
    at invokeGuardedCallback (http://localhost:5173/node_modules/.vite/deps/chunk-XQLYTHWV.js?v=a20d267c:3733:39)
[  109005ms] Error: Objects are not valid as a React child (found: object with keys {type, loc, msg, input}). If you meant to render a collection of children, use an array instead.
    at throwOnInvalidObjectType (http://localhost:5173/node_modules/.vite/deps/chunk-XQLYTHWV.js?v=a20d267c:9934:17)
    at createChild (http://localhost:5173/node_modules/.vite/deps/chunk-XQLYTHWV.js?v=a20d267c:10110:15)
    at reconcileChildrenArray (http://localhost:5173/node_modules/.vite/deps/chunk-XQLYTHWV.js?v=a20d267c:10282:33)
    at reconcileChildFibers2 (http://localhost:5173/node_modules/.vite/deps/chunk-XQLYTHWV.js?v=a20d267c:10559:24)
    at reconcileChildren (http://localhost:5173/node_modules/.vite/deps/chunk-XQLYTHWV.js?v=a20d267c:14290:37)
    at updateHostComponent (http://localhost:5173/node_modules/.vite/deps/chunk-XQLYTHWV.js?v=a20d267c:14807:11)
    at beginWork (http://localhost:5173/node_modules/.vite/deps/chunk-XQLYTHWV.js?v=a20d267c:15935:22)
    at HTMLUnknownElement.callCallback2 (http://localhost:5173/node_modules/.vite/deps/chunk-XQLYTHWV.js?v=a20d267c:3674:22)
    at Object.invokeGuardedCallbackDev (http://localhost:5173/node_modules/.vite/deps/chunk-XQLYTHWV.js?v=a20d267c:3699:24)
    at invokeGuardedCallback (http://localhost:5173/node_modules/.vite/deps/chunk-XQLYTHWV.js?v=a20d267c:3733:39)
[  107966ms] [ERROR] The above error occurred in the <div> component:

    at div
    at _c5 (http://localhost:5173/src/components/ui/alert.tsx:64:12)
    at div
    at _c (http://localhost:5173/src/components/ui/alert.tsx:35:11)
    at form
    at div
    at div
    at Login (http://localhost:5173/src/pages/Login.tsx?t=1773904151772:31:20)
    at RenderedRoute (http://localhost:5173/node_modules/.vite/deps/react-router-dom.js?v=a20d267c:4131:5)
    at Routes (http://localhost:5173/node_modules/.vite/deps/react-router-dom.js?v=a20d267c:4601:5)
    at Router (http://localhost:5173/node_modules/.vite/deps/react-router-dom.js?v=a20d267c:4544:15)
    at BrowserRouter (http://localhost:5173/node_modules/.vite/deps/react-router-dom.js?v=a20d267c:5290:5)
    at QueryClientProvider (http://localhost:5173/node_modules/.vite/deps/@tanstack_react-query.js?v=a20d267c:3168:3)
    at App
    at ThemeProvider (http://localhost:5173/src/components/layout/ThemeProvider.tsx:28:33)

Consider adding an error boundary to your tree to customize error handling behavior.
Visit https://reactjs.org/link/error-boundaries to learn more about error boundaries. @ http://localhost:5173/node_modules/.vite/deps/chunk-XQLYTHWV.js?v=a20d267c:14031
[  109144ms] Error: Objects are not valid as a React child (found: object with keys {type, loc, msg, input}). If you meant to render a collection of children, use an array instead.
    at throwOnInvalidObjectType (http://localhost:5173/node_modules/.vite/deps/chunk-XQLYTHWV.js?v=a20d267c:9934:17)
    at createChild (http://localhost:5173/node_modules/.vite/deps/chunk-XQLYTHWV.js?v=a20d267c:10110:15)
    at reconcileChildrenArray (http://localhost:5173/node_modules/.vite/deps/chunk-XQLYTHWV.js?v=a20d267c:10282:33)
    at reconcileChildFibers2 (http://localhost:5173/node_modules/.vite/deps/chunk-XQLYTHWV.js?v=a20d267c:10559:24)
    at reconcileChildren (http://localhost:5173/node_modules/.vite/deps/chunk-XQLYTHWV.js?v=a20d267c:14290:37)
    at updateHostComponent (http://localhost:5173/node_modules/.vite/deps/chunk-XQLYTHWV.js?v=a20d267c:14807:11)
    at beginWork (http://localhost:5173/node_modules/.vite/deps/chunk-XQLYTHWV.js?v=a20d267c:15935:22)
    at beginWork$1 (http://localhost:5173/node_modules/.vite/deps/chunk-XQLYTHWV.js?v=a20d267c:19753:22)
    at performUnitOfWork (http://localhost:5173/node_modules/.vite/deps/chunk-XQLYTHWV.js?v=a20d267c:19198:20)
    at workLoopSync (http://localhost:5173/node_modules/.vite/deps/chunk-XQLYTHWV.js?v=a20d267c:19137:13)
