[     182ms] [WARNING] ⚠️ React Router Future Flag Warning: React Router will begin wrapping state updates in `React.startTransition` in v7. You can use the `v7_startTransition` future flag to opt-in early. For more information, see https://reactrouter.com/v6/upgrading/future#v7_starttransition. @ http://localhost:5174/node_modules/.vite/deps/react-router-dom.js?v=ac2b4287:4435
[     182ms] [WARNING] ⚠️ React Router Future Flag Warning: Relative route resolution within Splat routes is changing in v7. You can use the `v7_relativeSplatPath` future flag to opt-in early. For more information, see https://reactrouter.com/v6/upgrading/future#v7_relativesplatpath. @ http://localhost:5174/node_modules/.vite/deps/react-router-dom.js?v=ac2b4287:4435
[     504ms] [ERROR] Access to XMLHttpRequest at 'http://localhost:8000/api/v1/tags' from origin 'http://localhost:5174' has been blocked by CORS policy: No 'Access-Control-Allow-Origin' header is present on the requested resource. @ http://localhost:5174/:0
[     504ms] [ERROR] Failed to load resource: net::ERR_FAILED @ http://localhost:8000/api/v1/tags:0
[     507ms] [ERROR] Access to XMLHttpRequest at 'http://localhost:8000/api/v1/tags' from origin 'http://localhost:5174' has been blocked by CORS policy: No 'Access-Control-Allow-Origin' header is present on the requested resource. @ http://localhost:5174/:0
[     507ms] [ERROR] Failed to load resource: net::ERR_FAILED @ http://localhost:8000/api/v1/tags:0
[     519ms] [ERROR] Access to XMLHttpRequest at 'http://localhost:8000/api/v1/skills?page=1&page_size=20' from origin 'http://localhost:5174' has been blocked by CORS policy: No 'Access-Control-Allow-Origin' header is present on the requested resource. @ http://localhost:5174/:0
[     519ms] [ERROR] Failed to load resource: net::ERR_FAILED @ http://localhost:8000/api/v1/skills?page=1&page_size=20:0
[    1536ms] [ERROR] Access to XMLHttpRequest at 'http://localhost:8000/api/v1/skills?page=1&page_size=20' from origin 'http://localhost:5174' has been blocked by CORS policy: No 'Access-Control-Allow-Origin' header is present on the requested resource. @ http://localhost:5174/:0
[    1536ms] [ERROR] Failed to load resource: net::ERR_FAILED @ http://localhost:8000/api/v1/skills?page=1&page_size=20:0
[  103053ms] [WARNING] ⚠️ React Router Future Flag Warning: React Router will begin wrapping state updates in `React.startTransition` in v7. You can use the `v7_startTransition` future flag to opt-in early. For more information, see https://reactrouter.com/v6/upgrading/future#v7_starttransition. @ http://localhost:5174/node_modules/.vite/deps/react-router-dom.js?v=ac2b4287:4435
[  103053ms] [WARNING] ⚠️ React Router Future Flag Warning: Relative route resolution within Splat routes is changing in v7. You can use the `v7_relativeSplatPath` future flag to opt-in early. For more information, see https://reactrouter.com/v6/upgrading/future#v7_relativesplatpath. @ http://localhost:5174/node_modules/.vite/deps/react-router-dom.js?v=ac2b4287:4435
[  103368ms] [ERROR] Access to XMLHttpRequest at 'http://localhost:8000/api/v1/tags' from origin 'http://localhost:5174' has been blocked by CORS policy: No 'Access-Control-Allow-Origin' header is present on the requested resource. @ http://localhost:5174/:0
[  103368ms] [ERROR] Failed to load resource: net::ERR_FAILED @ http://localhost:8000/api/v1/tags:0
[  103371ms] [ERROR] Access to XMLHttpRequest at 'http://localhost:8000/api/v1/tags' from origin 'http://localhost:5174' has been blocked by CORS policy: No 'Access-Control-Allow-Origin' header is present on the requested resource. @ http://localhost:5174/:0
[  103371ms] [ERROR] Failed to load resource: net::ERR_FAILED @ http://localhost:8000/api/v1/tags:0
[  103378ms] [ERROR] Access to XMLHttpRequest at 'http://localhost:8000/api/v1/skills?page=1&page_size=20' from origin 'http://localhost:5174' has been blocked by CORS policy: No 'Access-Control-Allow-Origin' header is present on the requested resource. @ http://localhost:5174/:0
[  103378ms] [ERROR] Failed to load resource: net::ERR_FAILED @ http://localhost:8000/api/v1/skills?page=1&page_size=20:0
[  104395ms] [ERROR] Access to XMLHttpRequest at 'http://localhost:8000/api/v1/skills?page=1&page_size=20' from origin 'http://localhost:5174' has been blocked by CORS policy: No 'Access-Control-Allow-Origin' header is present on the requested resource. @ http://localhost:5174/:0
[  104396ms] [ERROR] Failed to load resource: net::ERR_FAILED @ http://localhost:8000/api/v1/skills?page=1&page_size=20:0
[  111087ms] [WARNING] ⚠️ React Router Future Flag Warning: React Router will begin wrapping state updates in `React.startTransition` in v7. You can use the `v7_startTransition` future flag to opt-in early. For more information, see https://reactrouter.com/v6/upgrading/future#v7_starttransition. @ http://localhost:5174/node_modules/.vite/deps/react-router-dom.js?v=ac2b4287:4435
[  111088ms] [WARNING] ⚠️ React Router Future Flag Warning: Relative route resolution within Splat routes is changing in v7. You can use the `v7_relativeSplatPath` future flag to opt-in early. For more information, see https://reactrouter.com/v6/upgrading/future#v7_relativesplatpath. @ http://localhost:5174/node_modules/.vite/deps/react-router-dom.js?v=ac2b4287:4435
[  111099ms] [ERROR] Access to XMLHttpRequest at 'http://localhost:8000/api/v1/skills?page=1&page_size=20' from origin 'http://localhost:5174' has been blocked by CORS policy: No 'Access-Control-Allow-Origin' header is present on the requested resource. @ http://localhost:5174/:0
[  111099ms] [ERROR] Failed to load resource: net::ERR_FAILED @ http://localhost:8000/api/v1/skills?page=1&page_size=20:0
[  111101ms] [ERROR] Access to XMLHttpRequest at 'http://localhost:8000/api/v1/tags' from origin 'http://localhost:5174' has been blocked by CORS policy: No 'Access-Control-Allow-Origin' header is present on the requested resource. @ http://localhost:5174/:0
[  111101ms] [ERROR] Failed to load resource: net::ERR_FAILED @ http://localhost:8000/api/v1/tags:0
[  111102ms] [ERROR] Access to XMLHttpRequest at 'http://localhost:8000/api/v1/tags' from origin 'http://localhost:5174' has been blocked by CORS policy: No 'Access-Control-Allow-Origin' header is present on the requested resource. @ http://localhost:5174/:0
[  111102ms] [ERROR] Failed to load resource: net::ERR_FAILED @ http://localhost:8000/api/v1/tags:0
[  112116ms] [ERROR] Access to XMLHttpRequest at 'http://localhost:8000/api/v1/skills?page=1&page_size=20' from origin 'http://localhost:5174' has been blocked by CORS policy: No 'Access-Control-Allow-Origin' header is present on the requested resource. @ http://localhost:5174/:0
[  112116ms] [ERROR] Failed to load resource: net::ERR_FAILED @ http://localhost:8000/api/v1/skills?page=1&page_size=20:0
[  114747ms] [WARNING] ⚠️ React Router Future Flag Warning: React Router will begin wrapping state updates in `React.startTransition` in v7. You can use the `v7_startTransition` future flag to opt-in early. For more information, see https://reactrouter.com/v6/upgrading/future#v7_starttransition. @ http://localhost:5173/node_modules/.vite/deps/react-router-dom.js?v=ac2b4287:4435
[  114747ms] [WARNING] ⚠️ React Router Future Flag Warning: Relative route resolution within Splat routes is changing in v7. You can use the `v7_relativeSplatPath` future flag to opt-in early. For more information, see https://reactrouter.com/v6/upgrading/future#v7_relativesplatpath. @ http://localhost:5173/node_modules/.vite/deps/react-router-dom.js?v=ac2b4287:4435
